// Jest Snapshot v1, https://goo.gl/fbAQLP

exports[`App snapshot renders 1`] = `
<form
  data-testid="login-form"
  id="login-form"
  onSubmit={[Function]}
>
  <h2>
    Login
  </h2>
  <label>
    Username
    <input
      data-testid="username"
      name="username"
      onChange={[Function]}
      type="text"
      value=""
    />
  </label>
  <label>
    Password
    <input
      data-testid="password"
      name="password"
      onChange={[Function]}
      type="password"
      value=""
    />
  </label>
  <button>
    Log In
  </button>
</form>
`;

exports[`Login form see if form renders 1`] = `
<form
  data-testid="login-form"
  id="login-form"
  onSubmit={[Function]}
>
  <h2>
    Login
  </h2>
  <label>
    Username
    <input
      data-testid="username"
      name="username"
      onChange={[Function]}
      type="text"
      value=""
    />
  </label>
  <label>
    Password
    <input
      data-testid="password"
      name="password"
      onChange={[Function]}
      type="password"
      value=""
    />
  </label>
  <button>
    Log In
  </button>
</form>
`;

exports[`Login info see if blank form renders 1`] = `
<form
  data-testid="login-form"
  id="login-form"
  onSubmit={[Function]}
>
  <h2>
    Login
  </h2>
  <label>
    Username
    <input
      data-testid="username"
      name="username"
      onChange={[Function]}
      type="text"
      value=""
    />
  </label>
  <label>
    Password
    <input
      data-testid="password"
      name="password"
      onChange={[Function]}
      type="password"
      value=""
    />
  </label>
  <button>
    Log In
  </button>
</form>
`;
